// Jest Snapshot v1, https://goo.gl/fbAQLP

exports[`should match to the generated snapshot 1`] = `
<DocumentFragment>
  <input
    class="textInput undefined"
  />
</DocumentFragment>
`;
