// Jest Snapshot v1, https://goo.gl/fbAQLP

exports[`should match to the generated snapshot 1`] = `
<DocumentFragment>
  <div
    class="imageContainer"
  >
    <img
      alt="Github user avatar"
      class="image"
      src="testAvtrUrl"
    />
  </div>
</DocumentFragment>
`;
