// Jest Snapshot v1, https://goo.gl/fbAQLP

exports[`should match to the generated snapshot 1`] = `
<DocumentFragment>
  <h3
    class="heading"
  >
    testName
  </h3>
</DocumentFragment>
`;
