// Jest Snapshot v1, https://goo.gl/fbAQLP

exports[`should match to the generated snapshot 1`] = `
<DocumentFragment>
  <button
    class="button"
  >
    test
  </button>
</DocumentFragment>
`;
